../Core/Src/main.c:76:6:Setup_TxHeaderECU	4	static
../Core/Src/main.c:86:6:Init_Tester	16	static
../Core/Src/main.c:103:6:Init_ECU	4	static
../Core/Src/main.c:117:6:Compare_key	16	static
../Core/Src/main.c:137:6:Calculator_Key	16	static
../Core/Src/main.c:144:6:Generate_Seed	16	static
../Core/Src/main.c:152:6:HAL_GPIO_EXTI_Callback	16	static
../Core/Src/main.c:166:6:Processing_ECU	8	static
../Core/Src/main.c:187:6:Processing_Tester	8	static
../Core/Src/main.c:202:6:HAL_CAN_RxFifo0MsgPendingCallback	16	static
../Core/Src/main.c:225:5:main	8	static
../Core/Src/main.c:282:6:SystemClock_Config	88	static
../Core/Src/main.c:328:13:MX_CAN1_Init	48	static
../Core/Src/main.c:380:13:MX_CAN2_Init	48	static
../Core/Src/main.c:429:13:MX_GPIO_Init	48	static
../Core/Src/main.c:473:6:Error_Handler	4	static,ignoring_inline_asm
