../Core/Src/main.c:73:6:Init_ECU	16	static
../Core/Src/main.c:87:6:Init_Tester	4	static
../Core/Src/main.c:103:6:Process_ReadData_Request	16	static
../Core/Src/main.c:112:6:Process_ReadData_Response	16	static
../Core/Src/main.c:130:6:HAL_CAN_RxFifo0MsgPendingCallback	16	static
../Core/Src/main.c:157:5:main	8	static
../Core/Src/main.c:214:6:SystemClock_Config	88	static
../Core/Src/main.c:260:13:MX_CAN1_Init	48	static
../Core/Src/main.c:312:13:MX_CAN2_Init	48	static
../Core/Src/main.c:361:13:MX_GPIO_Init	48	static
../Core/Src/main.c:405:6:Error_Handler	4	static,ignoring_inline_asm
