../Core/Src/main.c:78:6:Init_ECU	4	static
../Core/Src/main.c:88:6:Init_Tester	24	static
../Core/Src/main.c:108:6:Process_WriteData_Request	16	static
../Core/Src/main.c:118:6:Process_WriteData_Response	8	static
../Core/Src/main.c:130:6:HAL_CAN_RxFifo0MsgPendingCallback	16	static
../Core/Src/main.c:150:5:main	8	static
../Core/Src/main.c:208:6:SystemClock_Config	88	static
../Core/Src/main.c:254:13:MX_CAN1_Init	48	static
../Core/Src/main.c:306:13:MX_CAN2_Init	48	static
../Core/Src/main.c:355:13:MX_GPIO_Init	48	static
../Core/Src/main.c:399:6:Error_Handler	4	static,ignoring_inline_asm
